00:41:20 **** Incremental Build of configuration Debug for project Test ****
make all 
Building file: ../Sources/main.c
Invoking: Cross ARM C Compiler
arm-none-eabi-gcc -mcpu=cortex-m4 -mthumb -mfloat-abi=hard -mfpu=fpv4-sp-d16 -O0 -fmessage-length=0 -fsigned-char -ffunction-sections -fdata-sections -Wall  -g3 -D"CPU_MK66FX1M0VLQ18" -I"../Sources" -I"../Project_Settings/Startup_Code" -I"../SDK/platform/CMSIS/Include" -I"../SDK/platform/devices" -I"../SDK/platform/devices/MK66F18/include" -std=c99 -MMD -MP -MF"Sources/main.d" -MT"Sources/main.o" -c -o "Sources/main.o" "../Sources/main.c"
Finished building: ../Sources/main.c
 
Building target: Test.elf
Invoking: Cross ARM C++ Linker
arm-none-eabi-g++ -mcpu=cortex-m4 -mthumb -mfloat-abi=hard -mfpu=fpv4-sp-d16 -O0 -fmessage-length=0 -fsigned-char -ffunction-sections -fdata-sections -Wall  -g3 -T "MK66FX1M0xxx18_flash.ld" -Xlinker --gc-sections -L"/Users/Cassie/workspace.kds/Test/Project_Settings/Linker_Files" -Wl,-Map,"Test.map" -specs=nosys.specs -specs=nano.specs -Xlinker -z -Xlinker muldefs -o "Test.elf"  ./Sources/main.o  ./Project_Settings/Startup_Code/startup.o ./Project_Settings/Startup_Code/startup_MK66F18.o ./Project_Settings/Startup_Code/system_MK66F18.o   
Finished building target: Test.elf
 
Invoking: Cross ARM GNU Create Flash Image
arm-none-eabi-objcopy -O ihex "Test.elf"  "Test.hex"
Finished building: Test.hex
 
Invoking: Cross ARM GNU Print Size
arm-none-eabi-size --format=berkeley -x "Test.elf"
   text	   data	    bss	    dec	    hex	filename
  0x6cc	   0x6c	  0x820	   3928	    f58	Test.elf
Finished building: Test.siz
 

00:41:23 Build Finished (took 3s.450ms)

